Archive member included to satisfy reference by file (symbol)

/homes/14jhansen/Ac6/SystemWorkbench/workspace/stm32f3discovery_hal_lib/Debug/libstm32f3discovery_hal_lib.a(stm32f3xx_hal.o)
                              src/main.o (HAL_Init)
/homes/14jhansen/Ac6/SystemWorkbench/workspace/stm32f3discovery_hal_lib/Debug/libstm32f3discovery_hal_lib.a(stm32f3xx_hal_cortex.o)
                              /homes/14jhansen/Ac6/SystemWorkbench/workspace/stm32f3discovery_hal_lib/Debug/libstm32f3discovery_hal_lib.a(stm32f3xx_hal.o) (HAL_NVIC_SetPriorityGrouping)
/homes/14jhansen/Ac6/SystemWorkbench/workspace/stm32f3discovery_hal_lib/Debug/libstm32f3discovery_hal_lib.a(stm32f3xx_hal_gpio.o)
                              src/main.o (HAL_GPIO_Init)
/homes/14jhansen/Ac6/SystemWorkbench/workspace/stm32f3discovery_hal_lib/Debug/libstm32f3discovery_hal_lib.a(stm32f3xx_hal_rcc.o)
                              /homes/14jhansen/Ac6/SystemWorkbench/workspace/stm32f3discovery_hal_lib/Debug/libstm32f3discovery_hal_lib.a(stm32f3xx_hal.o) (HAL_RCC_GetHCLKFreq)
/homes/14jhansen/Ac6/SystemWorkbench/workspace/stm32f3discovery_hal_lib/Debug/libstm32f3discovery_hal_lib.a(stm32f3xx_hal_tim.o)
                              src/main.o (HAL_TIM_Base_Init)
/homes/14jhansen/Ac6/SystemWorkbench/workspace/stm32f3discovery_hal_lib/Debug/libstm32f3discovery_hal_lib.a(stm32f3xx_hal_tim_ex.o)
                              /homes/14jhansen/Ac6/SystemWorkbench/workspace/stm32f3discovery_hal_lib/Debug/libstm32f3discovery_hal_lib.a(stm32f3xx_hal_tim.o) (TIMEx_DMACommutationCplt)
/homes/14jhansen/Ac6/SystemWorkbench/workspace/stm32f3discovery_hal_lib/Debug/libstm32f3discovery_hal_lib.a(stm32f3xx_hal_dma.o)
                              /homes/14jhansen/Ac6/SystemWorkbench/workspace/stm32f3discovery_hal_lib/Debug/libstm32f3discovery_hal_lib.a(stm32f3xx_hal_tim.o) (HAL_DMA_Start_IT)
/homes/14jhansen/Ac6/SystemWorkbench/plugins/fr.ac6.mcu.externaltools.arm-none.linux64_1.7.0.201602291252/tools/compiler/bin/../lib/gcc/arm-none-eabi/5.2.1/../../../../arm-none-eabi/lib/armv7e-m/libc.a(lib_a-errno.o)
                              src/syscalls.o (__errno)
/homes/14jhansen/Ac6/SystemWorkbench/plugins/fr.ac6.mcu.externaltools.arm-none.linux64_1.7.0.201602291252/tools/compiler/bin/../lib/gcc/arm-none-eabi/5.2.1/../../../../arm-none-eabi/lib/armv7e-m/libc.a(lib_a-exit.o)
                              /homes/14jhansen/Ac6/SystemWorkbench/plugins/fr.ac6.mcu.externaltools.arm-none.linux64_1.7.0.201602291252/tools/compiler/bin/../lib/gcc/arm-none-eabi/5.2.1/../../../../arm-none-eabi/lib/armv7e-m/crt0.o (exit)
/homes/14jhansen/Ac6/SystemWorkbench/plugins/fr.ac6.mcu.externaltools.arm-none.linux64_1.7.0.201602291252/tools/compiler/bin/../lib/gcc/arm-none-eabi/5.2.1/../../../../arm-none-eabi/lib/armv7e-m/libc.a(lib_a-impure.o)
                              /homes/14jhansen/Ac6/SystemWorkbench/plugins/fr.ac6.mcu.externaltools.arm-none.linux64_1.7.0.201602291252/tools/compiler/bin/../lib/gcc/arm-none-eabi/5.2.1/../../../../arm-none-eabi/lib/armv7e-m/libc.a(lib_a-exit.o) (_global_impure_ptr)
/homes/14jhansen/Ac6/SystemWorkbench/plugins/fr.ac6.mcu.externaltools.arm-none.linux64_1.7.0.201602291252/tools/compiler/bin/../lib/gcc/arm-none-eabi/5.2.1/../../../../arm-none-eabi/lib/armv7e-m/libc.a(lib_a-init.o)
                              /homes/14jhansen/Ac6/SystemWorkbench/plugins/fr.ac6.mcu.externaltools.arm-none.linux64_1.7.0.201602291252/tools/compiler/bin/../lib/gcc/arm-none-eabi/5.2.1/../../../../arm-none-eabi/lib/armv7e-m/crt0.o (__libc_init_array)
/homes/14jhansen/Ac6/SystemWorkbench/plugins/fr.ac6.mcu.externaltools.arm-none.linux64_1.7.0.201602291252/tools/compiler/bin/../lib/gcc/arm-none-eabi/5.2.1/../../../../arm-none-eabi/lib/armv7e-m/libc.a(lib_a-memset.o)
                              /homes/14jhansen/Ac6/SystemWorkbench/plugins/fr.ac6.mcu.externaltools.arm-none.linux64_1.7.0.201602291252/tools/compiler/bin/../lib/gcc/arm-none-eabi/5.2.1/../../../../arm-none-eabi/lib/armv7e-m/crt0.o (memset)
/homes/14jhansen/Ac6/SystemWorkbench/plugins/fr.ac6.mcu.externaltools.arm-none.linux64_1.7.0.201602291252/tools/compiler/bin/../lib/gcc/arm-none-eabi/5.2.1/../../../../arm-none-eabi/lib/armv7e-m/libc.a(lib_a-__call_atexit.o)
                              /homes/14jhansen/Ac6/SystemWorkbench/plugins/fr.ac6.mcu.externaltools.arm-none.linux64_1.7.0.201602291252/tools/compiler/bin/../lib/gcc/arm-none-eabi/5.2.1/../../../../arm-none-eabi/lib/armv7e-m/libc.a(lib_a-exit.o) (__call_exitprocs)
/homes/14jhansen/Ac6/SystemWorkbench/plugins/fr.ac6.mcu.externaltools.arm-none.linux64_1.7.0.201602291252/tools/compiler/bin/../lib/gcc/arm-none-eabi/5.2.1/../../../../arm-none-eabi/lib/armv7e-m/libc.a(lib_a-atexit.o)
                              /homes/14jhansen/Ac6/SystemWorkbench/plugins/fr.ac6.mcu.externaltools.arm-none.linux64_1.7.0.201602291252/tools/compiler/bin/../lib/gcc/arm-none-eabi/5.2.1/../../../../arm-none-eabi/lib/armv7e-m/libc.a(lib_a-__call_atexit.o) (atexit)
[...]
Memory Configuration

Name             Origin             Length             Attributes
FLASH            0x08000000         0x00040000         xr
RAM              0x20000000         0x0000a000         xrw
CCMRAM           0x10000000         0x00002000         rw
*default*        0x00000000         0xffffffff

Linker script and memory map

LOAD /homes/14jhansen/Ac6/SystemWorkbench/plugins/fr.ac6.mcu.externaltools.arm-none.linux64_1.7.0.201602291252/tools/compiler/bin/../lib/gcc/arm-none-eabi/5.2.1/armv7e-m/crti.o
LOAD /homes/14jhansen/Ac6/SystemWorkbench/plugins/fr.ac6.mcu.externaltools.arm-none.linux64_1.7.0.201602291252/tools/compiler/bin/../lib/gcc/arm-none-eabi/5.2.1/armv7e-m/crtbegin.o
LOAD /homes/14jhansen/Ac6/SystemWorkbench/plugins/fr.ac6.mcu.externaltools.arm-none.linux64_1.7.0.201602291252/tools/compiler/bin/../lib/gcc/arm-none-eabi/5.2.1/../../../../arm-none-eabi/lib/armv7e-m/crt0.o
LOAD src/main.o
LOAD src/stm32f3xx_it.o
LOAD src/syscalls.o
LOAD src/system_stm32f3xx.o
LOAD startup/startup_stm32f303xc.o
LOAD /homes/14jhansen/Ac6/SystemWorkbench/workspace/stm32f3discovery_hal_lib/Debug/libstm32f3discovery_hal_lib.a
LOAD /homes/14jhansen/Ac6/SystemWorkbench/plugins/fr.ac6.mcu.externaltools.arm-none.linux64_1.7.0.201602291252/tools/compiler/bin/../lib/gcc/arm-none-eabi/5.2.1/../../../../arm-none-eabi/lib/armv7e-m/libstdc++.a
LOAD /homes/14jhansen/Ac6/SystemWorkbench/plugins/fr.ac6.mcu.externaltools.arm-none.linux64_1.7.0.201602291252/tools/compiler/bin/../lib/gcc/arm-none-eabi/5.2.1/../../../../arm-none-eabi/lib/armv7e-m/libm.a
START GROUP
LOAD /homes/14jhansen/Ac6/SystemWorkbench/plugins/fr.ac6.mcu.externaltools.arm-none.linux64_1.7.0.201602291252/tools/compiler/bin/../lib/gcc/arm-none-eabi/5.2.1/armv7e-m/libgcc.a
LOAD /homes/14jhansen/Ac6/SystemWorkbench/plugins/fr.ac6.mcu.externaltools.arm-none.linux64_1.7.0.201602291252/tools/compiler/bin/../lib/gcc/arm-none-eabi/5.2.1/../../../../arm-none-eabi/lib/armv7e-m/libc.a
END GROUP
LOAD /homes/14jhansen/Ac6/SystemWorkbench/plugins/fr.ac6.mcu.externaltools.arm-none.linux64_1.7.0.201602291252/tools/compiler/bin/../lib/gcc/arm-none-eabi/5.2.1/armv7e-m/crtend.o
LOAD /homes/14jhansen/Ac6/SystemWorkbench/plugins/fr.ac6.mcu.externaltools.arm-none.linux64_1.7.0.201602291252/tools/compiler/bin/../lib/gcc/arm-none-eabi/5.2.1/armv7e-m/crtn.o
                0x2000a000                _estack = 0x2000a000
                0x00000200                _Min_Heap_Size = 0x200
                0x00000400                _Min_Stack_Size = 0x400

.isr_vector     0x08000000      0x188
                0x08000000                . = ALIGN (0x4)
 *(.isr_vector)
 .isr_vector    0x08000000      0x188 startup/startup_stm32f303xc.o
                0x08000000                g_pfnVectors
                0x08000188                . = ALIGN (0x4)

.text           0x08000188     0x19bc
                0x08000188                . = ALIGN (0x4)
 *(.text)
 .text          0x08000188       0xa4 /homes/14jhansen/Ac6/SystemWorkbench/plugins/fr.ac6.mcu.externaltools.arm-none.linux64_1.7.0.201602291252/tools/compiler/bin/../lib/gcc/arm-none-eabi/5.2.1/armv7e-m/crtbegin.o
 *(.text*)
 .text.init_Timer
                0x0800022c       0x5c src/main.o
                0x0800022c                init_Timer
 .text.init_PWM
                0x08000288       0xb8 src/main.o
                0x08000288                init_PWM
 .text.init_PWM_LED
                0x08000340       0x50 src/main.o
                0x08000340                init_PWM_LED
 .text.init_LED
                0x08000390       0x58 src/main.o
                0x08000390                init_LED
 .text.TIM2_IRQHandler
                0x080003e8       0x14 src/main.o
                0x080003e8                TIM2_IRQHandler
 .text.HAL_TIM_PeriodElapsedCallback
                0x080003fc       0x20 src/main.o
                0x080003fc                HAL_TIM_PeriodElapsedCallback
 .text.main     0x0800041c       0x34 src/main.o
                0x0800041c                main
 .text.SysTick_Handler
                0x08000450       0x10 src/stm32f3xx_it.o
                0x08000450                SysTick_Handler
 .text.SystemInit
                0x08000460       0x84 src/system_stm32f3xx.o
                0x08000460                SystemInit
 .text.Reset_Handler
                0x080004e4       0x50 startup/startup_stm32f303xc.o
                0x080004e4                Reset_Handler
 .text.Default_Handler
                0x08000534        0x2 startup/startup_stm32f303xc.o
                0x08000534                RTC_Alarm_IRQHandler
                0x08000534                TIM8_TRG_COM_IRQHandler
                0x08000534                TIM8_CC_IRQHandler
                0x08000534                DebugMon_Handler
                0x08000534                TIM1_CC_IRQHandler
                0x08000534                HardFault_Handler
                0x08000534                USB_HP_IRQHandler
                0x08000534                PVD_IRQHandler
                0x08000534                TAMP_STAMP_IRQHandler
                0x08000534                PendSV_Handler
                0x08000534                NMI_Handler
                0x08000534                EXTI3_IRQHandler
                0x08000534                USB_HP_CAN_TX_IRQHandler
                0x08000534                EXTI0_IRQHandler
                0x08000534                I2C2_EV_IRQHandler
                0x08000534                FPU_IRQHandler
                0x08000534                TIM1_UP_TIM16_IRQHandler
                0x08000534                UsageFault_Handler
                0x08000534                ADC1_2_IRQHandler
                0x08000534                SPI1_IRQHandler
                0x08000534                CAN_SCE_IRQHandler
                0x08000534                TIM6_DAC_IRQHandler
                0x08000534                TIM8_UP_IRQHandler
                0x08000534                DMA2_Channel2_IRQHandler
                0x08000534                DMA1_Channel4_IRQHandler
                0x08000534                USART3_IRQHandler
                0x08000534                DMA1_Channel7_IRQHandler
                0x08000534                UART5_IRQHandler
                0x08000534                ADC3_IRQHandler
                0x08000534                TIM4_IRQHandler
                0x08000534                CAN_RX1_IRQHandler
                0x08000534                DMA2_Channel1_IRQHandler
                0x08000534                I2C1_EV_IRQHandler
                0x08000534                DMA1_Channel6_IRQHandler
                0x08000534                UART4_IRQHandler
                0x08000534                DMA2_Channel4_IRQHandler
                0x08000534                TIM3_IRQHandler
                0x08000534                RCC_IRQHandler
                0x08000534                DMA1_Channel1_IRQHandler
                0x08000534                Default_Handler
                0x08000534                USBWakeUp_RMP_IRQHandler
                0x08000534                EXTI15_10_IRQHandler
                0x08000534                TIM7_IRQHandler
                0x08000534                EXTI9_5_IRQHandler
                0x08000534                RTC_WKUP_IRQHandler
                0x08000534                SPI2_IRQHandler
                0x08000534                USB_LP_CAN_RX0_IRQHandler
                0x08000534                MemManage_Handler
                0x08000534                SVC_Handler
                0x08000534                DMA2_Channel5_IRQHandler
                0x08000534                DMA1_Channel5_IRQHandler
                0x08000534                USB_LP_IRQHandler
                0x08000534                EXTI4_IRQHandler
                0x08000534                TIM1_TRG_COM_TIM17_IRQHandler
                0x08000534                DMA1_Channel3_IRQHandler
                0x08000534                ADC4_IRQHandler
                0x08000534                WWDG_IRQHandler
                0x08000534                COMP7_IRQHandler
                0x08000534                COMP1_2_3_IRQHandler
                0x08000534                EXTI1_IRQHandler
                0x08000534                USART2_IRQHandler
                0x08000534                COMP4_5_6_IRQHandler
                0x08000534                I2C2_ER_IRQHandler
                0x08000534                DMA1_Channel2_IRQHandler
                0x08000534                TIM8_BRK_IRQHandler
                0x08000534                FLASH_IRQHandler
                0x08000534                BusFault_Handler
                0x08000534                USART1_IRQHandler
                0x08000534                SPI3_IRQHandler
                0x08000534                I2C1_ER_IRQHandler
                0x08000534                USBWakeUp_IRQHandler
                0x08000534                DMA2_Channel3_IRQHandler
                0x08000534                EXTI2_TSC_IRQHandler
                0x08000534                TIM1_BRK_TIM15_IRQHandler
 *fill*         0x08000536        0x2 
 .text.HAL_Init
                0x08000538       0x2c /homes/14jhansen/Ac6/SystemWorkbench/workspace/stm32f3discovery_hal_lib/Debug/libstm32f3discovery_hal_lib.a(stm32f3xx_hal.o)
                0x08000538                HAL_Init
 .text.HAL_MspInit
                0x08000564        0xc /homes/14jhansen/Ac6/SystemWorkbench/workspace/stm32f3discovery_hal_lib/Debug/libstm32f3discovery_hal_lib.a(stm32f3xx_hal.o)
                0x08000564                HAL_MspInit
 .text.HAL_InitTick
                0x08000570       0x38 /homes/14jhansen/Ac6/SystemWorkbench/workspace/stm32f3discovery_hal_lib/Debug/libstm32f3discovery_hal_lib.a(stm32f3xx_hal.o)
                0x08000570                HAL_InitTick
 .text.HAL_IncTick
                0x080005a8       0x1c /homes/14jhansen/Ac6/SystemWorkbench/workspace/stm32f3discovery_hal_lib/Debug/libstm32f3discovery_hal_lib.a(stm32f3xx_hal.o)
                0x080005a8                HAL_IncTick
 .text.NVIC_SetPriorityGrouping
                0x080005c4       0x48 /homes/14jhansen/Ac6/SystemWorkbench/workspace/stm32f3discovery_hal_lib/Debug/libstm32f3discovery_hal_lib.a(stm32f3xx_hal_cortex.o)
 .text.NVIC_GetPriorityGrouping
                0x0800060c       0x1c /homes/14jhansen/Ac6/SystemWorkbench/workspace/stm32f3discovery_hal_lib/Debug/libstm32f3discovery_hal_lib.a(stm32f3xx_hal_cortex.o)
 .text.NVIC_EnableIRQ
                0x08000628       0x30 /homes/14jhansen/Ac6/SystemWorkbench/workspace/stm32f3discovery_hal_lib/Debug/libstm32f3discovery_hal_lib.a(stm32f3xx_hal_cortex.o)
 .text.NVIC_SetPriority
                0x08000658       0x54 /homes/14jhansen/Ac6/SystemWorkbench/workspace/stm32f3discovery_hal_lib/Debug/libstm32f3discovery_hal_lib.a(stm32f3xx_hal_cortex.o)
 .text.NVIC_EncodePriority
                0x080006ac       0x60 /homes/14jhansen/Ac6/SystemWorkbench/workspace/stm32f3discovery_hal_lib/Debug/libstm32f3discovery_hal_lib.a(stm32f3xx_hal_cortex.o)
 .text.SysTick_Config
                0x0800070c       0x44 /homes/14jhansen/Ac6/SystemWorkbench/workspace/stm32f3discovery_hal_lib/Debug/libstm32f3discovery_hal_lib.a(stm32f3xx_hal_cortex.o)
 .text.HAL_NVIC_SetPriorityGrouping
                0x08000750       0x18 /homes/14jhansen/Ac6/SystemWorkbench/workspace/stm32f3discovery_hal_lib/Debug/libstm32f3discovery_hal_lib.a(stm32f3xx_hal_cortex.o)
                0x08000750                HAL_NVIC_SetPriorityGrouping
 .text.HAL_NVIC_SetPriority
                0x08000768       0x38 /homes/14jhansen/Ac6/SystemWorkbench/workspace/stm32f3discovery_hal_lib/Debug/libstm32f3discovery_hal_lib.a(stm32f3xx_hal_cortex.o)
                0x08000768                HAL_NVIC_SetPriority
 .text.HAL_NVIC_EnableIRQ
                0x080007a0       0x1c /homes/14jhansen/Ac6/SystemWorkbench/workspace/stm32f3discovery_hal_lib/Debug/libstm32f3discovery_hal_lib.a(stm32f3xx_hal_cortex.o)
                0x080007a0                HAL_NVIC_EnableIRQ
 .text.HAL_SYSTICK_Config
                0x080007bc       0x18 /homes/14jhansen/Ac6/SystemWorkbench/workspace/stm32f3discovery_hal_lib/Debug/libstm32f3discovery_hal_lib.a(stm32f3xx_hal_cortex.o)
                0x080007bc                HAL_SYSTICK_Config
 .text.HAL_SYSTICK_IRQHandler
                0x080007d4        0xc /homes/14jhansen/Ac6/SystemWorkbench/workspace/stm32f3discovery_hal_lib/Debug/libstm32f3discovery_hal_lib.a(stm32f3xx_hal_cortex.o)
                0x080007d4                HAL_SYSTICK_IRQHandler
 .text.HAL_SYSTICK_Callback
                0x080007e0        0xc /homes/14jhansen/Ac6/SystemWorkbench/workspace/stm32f3discovery_hal_lib/Debug/libstm32f3discovery_hal_lib.a(stm32f3xx_hal_cortex.o)
                0x080007e0                HAL_SYSTICK_Callback
 .text.HAL_GPIO_Init
                0x080007ec      0x2f8 /homes/14jhansen/Ac6/SystemWorkbench/workspace/stm32f3discovery_hal_lib/Debug/libstm32f3discovery_hal_lib.a(stm32f3xx_hal_gpio.o)
                0x080007ec                HAL_GPIO_Init
 .text.HAL_GPIO_WritePin
                0x08000ae4       0x30 /homes/14jhansen/Ac6/SystemWorkbench/workspace/stm32f3discovery_hal_lib/Debug/libstm32f3discovery_hal_lib.a(stm32f3xx_hal_gpio.o)
                0x08000ae4                HAL_GPIO_WritePin
 .text.HAL_GPIO_TogglePin
                0x08000b14       0x24 /homes/14jhansen/Ac6/SystemWorkbench/workspace/stm32f3discovery_hal_lib/Debug/libstm32f3discovery_hal_lib.a(stm32f3xx_hal_gpio.o)
                0x08000b14                HAL_GPIO_TogglePin
 .text.HAL_RCC_GetSysClockFreq
                0x08000b38       0xd0 /homes/14jhansen/Ac6/SystemWorkbench/workspace/stm32f3discovery_hal_lib/Debug/libstm32f3discovery_hal_lib.a(stm32f3xx_hal_rcc.o)
                0x08000b38                HAL_RCC_GetSysClockFreq
 .text.HAL_RCC_GetHCLKFreq
                0x08000c08       0x50 /homes/14jhansen/Ac6/SystemWorkbench/workspace/stm32f3discovery_hal_lib/Debug/libstm32f3discovery_hal_lib.a(stm32f3xx_hal_rcc.o)
                0x08000c08                HAL_RCC_GetHCLKFreq
 .text.HAL_TIM_Base_Init
                0x08000c58       0x58 /homes/14jhansen/Ac6/SystemWorkbench/workspace/stm32f3discovery_hal_lib/Debug/libstm32f3discovery_hal_lib.a(stm32f3xx_hal_tim.o)
                0x08000c58                HAL_TIM_Base_Init
 .text.HAL_TIM_Base_MspInit
                0x08000cb0       0x14 /homes/14jhansen/Ac6/SystemWorkbench/workspace/stm32f3discovery_hal_lib/Debug/libstm32f3discovery_hal_lib.a(stm32f3xx_hal_tim.o)
                0x08000cb0                HAL_TIM_Base_MspInit
 .text.HAL_TIM_Base_Start_IT
                0x08000cc4       0x34 /homes/14jhansen/Ac6/SystemWorkbench/workspace/stm32f3discovery_hal_lib/Debug/libstm32f3discovery_hal_lib.a(stm32f3xx_hal_tim.o)
                0x08000cc4                HAL_TIM_Base_Start_IT
 .text.HAL_TIM_PWM_Init
                0x08000cf8       0x58 /homes/14jhansen/Ac6/SystemWorkbench/workspace/stm32f3discovery_hal_lib/Debug/libstm32f3discovery_hal_lib.a(stm32f3xx_hal_tim.o)
                0x08000cf8                HAL_TIM_PWM_Init
 .text.HAL_TIM_PWM_MspInit
                0x08000d50       0x14 /homes/14jhansen/Ac6/SystemWorkbench/workspace/stm32f3discovery_hal_lib/Debug/libstm32f3discovery_hal_lib.a(stm32f3xx_hal_tim.o)
                0x08000d50                HAL_TIM_PWM_MspInit
 .text.HAL_TIM_PWM_Start
                0x08000d64       0x94 /homes/14jhansen/Ac6/SystemWorkbench/workspace/stm32f3discovery_hal_lib/Debug/libstm32f3discovery_hal_lib.a(stm32f3xx_hal_tim.o)
                0x08000d64                HAL_TIM_PWM_Start
 .text.HAL_TIM_IRQHandler
                0x08000df8      0x210 /homes/14jhansen/Ac6/SystemWorkbench/workspace/stm32f3discovery_hal_lib/Debug/libstm32f3discovery_hal_lib.a(stm32f3xx_hal_tim.o)
                0x08000df8                HAL_TIM_IRQHandler
 .text.HAL_TIM_OC_DelayElapsedCallback
                0x08001008       0x14 /homes/14jhansen/Ac6/SystemWorkbench/workspace/stm32f3discovery_hal_lib/Debug/libstm32f3discovery_hal_lib.a(stm32f3xx_hal_tim.o)
                0x08001008                HAL_TIM_OC_DelayElapsedCallback
 .text.HAL_TIM_IC_CaptureCallback
                0x0800101c       0x14 /homes/14jhansen/Ac6/SystemWorkbench/workspace/stm32f3discovery_hal_lib/Debug/libstm32f3discovery_hal_lib.a(stm32f3xx_hal_tim.o)
                0x0800101c                HAL_TIM_IC_CaptureCallback
 .text.HAL_TIM_PWM_PulseFinishedCallback
                0x08001030       0x14 /homes/14jhansen/Ac6/SystemWorkbench/workspace/stm32f3discovery_hal_lib/Debug/libstm32f3discovery_hal_lib.a(stm32f3xx_hal_tim.o)
                0x08001030                HAL_TIM_PWM_PulseFinishedCallback
 .text.HAL_TIM_TriggerCallback
                0x08001044       0x14 /homes/14jhansen/Ac6/SystemWorkbench/workspace/stm32f3discovery_hal_lib/Debug/libstm32f3discovery_hal_lib.a(stm32f3xx_hal_tim.o)
                0x08001044                HAL_TIM_TriggerCallback
 .text.TIM_Base_SetConfig
                0x08001058      0x114 /homes/14jhansen/Ac6/SystemWorkbench/workspace/stm32f3discovery_hal_lib/Debug/libstm32f3discovery_hal_lib.a(stm32f3xx_hal_tim.o)
                0x08001058                TIM_Base_SetConfig
 .text.TIM_OC1_SetConfig
                0x0800116c      0x12c /homes/14jhansen/Ac6/SystemWorkbench/workspace/stm32f3discovery_hal_lib/Debug/libstm32f3discovery_hal_lib.a(stm32f3xx_hal_tim.o)
                0x0800116c                TIM_OC1_SetConfig
 .text.TIM_OC2_SetConfig
                0x08001298      0x11c /homes/14jhansen/Ac6/SystemWorkbench/workspace/stm32f3discovery_hal_lib/Debug/libstm32f3discovery_hal_lib.a(stm32f3xx_hal_tim.o)
                0x08001298                TIM_OC2_SetConfig
 .text.TIM_OC3_SetConfig
                0x080013b4      0x11c /homes/14jhansen/Ac6/SystemWorkbench/workspace/stm32f3discovery_hal_lib/Debug/libstm32f3discovery_hal_lib.a(stm32f3xx_hal_tim.o)
                0x080013b4                TIM_OC3_SetConfig
 .text.TIM_OC4_SetConfig
                0x080014d0       0xdc /homes/14jhansen/Ac6/SystemWorkbench/workspace/stm32f3discovery_hal_lib/Debug/libstm32f3discovery_hal_lib.a(stm32f3xx_hal_tim.o)
                0x080014d0                TIM_OC4_SetConfig
 .text.TIM_CCxChannelCmd
                0x080015ac       0x44 /homes/14jhansen/Ac6/SystemWorkbench/workspace/stm32f3discovery_hal_lib/Debug/libstm32f3discovery_hal_lib.a(stm32f3xx_hal_tim.o)
                0x080015ac                TIM_CCxChannelCmd
 .text.HAL_TIM_PWM_ConfigChannel
                0x080015f0      0x230 /homes/14jhansen/Ac6/SystemWorkbench/workspace/stm32f3discovery_hal_lib/Debug/libstm32f3discovery_hal_lib.a(stm32f3xx_hal_tim_ex.o)
                0x080015f0                HAL_TIM_PWM_ConfigChannel
 .text.HAL_TIMEx_CommutationCallback
                0x08001820       0x14 /homes/14jhansen/Ac6/SystemWorkbench/workspace/stm32f3discovery_hal_lib/Debug/libstm32f3discovery_hal_lib.a(stm32f3xx_hal_tim_ex.o)
                0x08001820                HAL_TIMEx_CommutationCallback
 .text.HAL_TIMEx_BreakCallback
                0x08001834       0x14 /homes/14jhansen/Ac6/SystemWorkbench/workspace/stm32f3discovery_hal_lib/Debug/libstm32f3discovery_hal_lib.a(stm32f3xx_hal_tim_ex.o)
                0x08001834                HAL_TIMEx_BreakCallback
 .text.TIM_OC5_SetConfig
                0x08001848       0xd4 /homes/14jhansen/Ac6/SystemWorkbench/workspace/stm32f3discovery_hal_lib/Debug/libstm32f3discovery_hal_lib.a(stm32f3xx_hal_tim_ex.o)
 .text.TIM_OC6_SetConfig
                0x0800191c       0xd4 /homes/14jhansen/Ac6/SystemWorkbench/workspace/stm32f3discovery_hal_lib/Debug/libstm32f3discovery_hal_lib.a(stm32f3xx_hal_tim_ex.o)
 .text.__libc_init_array
                0x080019f0       0x50 /homes/14jhansen/Ac6/SystemWorkbench/plugins/fr.ac6.mcu.externaltools.arm-none.linux64_1.7.0.201602291252/tools/compiler/bin/../lib/gcc/arm-none-eabi/5.2.1/../../../../arm-none-eabi/lib/armv7e-m/libc.a(lib_a-init.o)
                0x080019f0                __libc_init_array
 .text.startup.register_fini
                0x08001a40       0x14 /homes/14jhansen/Ac6/SystemWorkbench/plugins/fr.ac6.mcu.externaltools.arm-none.linux64_1.7.0.201602291252/tools/compiler/bin/../lib/gcc/arm-none-eabi/5.2.1/../../../../arm-none-eabi/lib/armv7e-m/libc.a(lib_a-__call_atexit.o)
 .text.atexit   0x08001a54        0xc /homes/14jhansen/Ac6/SystemWorkbench/plugins/fr.ac6.mcu.externaltools.arm-none.linux64_1.7.0.201602291252/tools/compiler/bin/../lib/gcc/arm-none-eabi/5.2.1/../../../../arm-none-eabi/lib/armv7e-m/libc.a(lib_a-atexit.o)
                0x08001a54                atexit
 .text.__libc_fini_array
                0x08001a60       0x28 /homes/14jhansen/Ac6/SystemWorkbench/plugins/fr.ac6.mcu.externaltools.arm-none.linux64_1.7.0.201602291252/tools/compiler/bin/../lib/gcc/arm-none-eabi/5.2.1/../../../../arm-none-eabi/lib/armv7e-m/libc.a(lib_a-fini.o)
                0x08001a60                __libc_fini_array
 .text.__register_exitproc
                0x08001a88       0xa4 /homes/14jhansen/Ac6/SystemWorkbench/plugins/fr.ac6.mcu.externaltools.arm-none.linux64_1.7.0.201602291252/tools/compiler/bin/../lib/gcc/arm-none-eabi/5.2.1/../../../../arm-none-eabi/lib/armv7e-m/libc.a(lib_a-__atexit.o)
                0x08001a88                __register_exitproc
 *(.glue_7)
 .glue_7        0x08001b2c        0x0 linker stubs
 *(.glue_7t)
 .glue_7t       0x08001b2c        0x0 linker stubs
 *(.eh_frame)
 .eh_frame      0x08001b2c        0x0 /homes/14jhansen/Ac6/SystemWorkbench/plugins/fr.ac6.mcu.externaltools.arm-none.linux64_1.7.0.201602291252/tools/compiler/bin/../lib/gcc/arm-none-eabi/5.2.1/armv7e-m/crtbegin.o
 *(.init)
 .init          0x08001b2c        0x4 /homes/14jhansen/Ac6/SystemWorkbench/plugins/fr.ac6.mcu.externaltools.arm-none.linux64_1.7.0.201602291252/tools/compiler/bin/../lib/gcc/arm-none-eabi/5.2.1/armv7e-m/crti.o
                0x08001b2c                _init
 .init          0x08001b30        0x8 /homes/14jhansen/Ac6/SystemWorkbench/plugins/fr.ac6.mcu.externaltools.arm-none.linux64_1.7.0.201602291252/tools/compiler/bin/../lib/gcc/arm-none-eabi/5.2.1/armv7e-m/crtn.o
 *(.fini)
 .fini          0x08001b38        0x4 /homes/14jhansen/Ac6/SystemWorkbench/plugins/fr.ac6.mcu.externaltools.arm-none.linux64_1.7.0.201602291252/tools/compiler/bin/../lib/gcc/arm-none-eabi/5.2.1/armv7e-m/crti.o
                0x08001b38                _fini
 .fini          0x08001b3c        0x8 /homes/14jhansen/Ac6/SystemWorkbench/plugins/fr.ac6.mcu.externaltools.arm-none.linux64_1.7.0.201602291252/tools/compiler/bin/../lib/gcc/arm-none-eabi/5.2.1/armv7e-m/crtn.o
                0x08001b44                . = ALIGN (0x4)
                0x08001b44                _etext = .

.vfp11_veneer   0x08001b44        0x0
 .vfp11_veneer  0x08001b44        0x0 linker stubs

.v4_bx          0x08001b44        0x0
 .v4_bx         0x08001b44        0x0 linker stubs

.iplt           0x08001b44        0x0
 .iplt          0x08001b44        0x0 /homes/14jhansen/Ac6/SystemWorkbench/plugins/fr.ac6.mcu.externaltools.arm-none.linux64_1.7.0.201602291252/tools/compiler/bin/../lib/gcc/arm-none-eabi/5.2.1/armv7e-m/crtbegin.o

.rodata         0x08001b44       0x38
                0x08001b44                . = ALIGN (0x4)
 *(.rodata)
 .rodata        0x08001b44       0x30 /homes/14jhansen/Ac6/SystemWorkbench/workspace/stm32f3discovery_hal_lib/Debug/libstm32f3discovery_hal_lib.a(stm32f3xx_hal_rcc.o)
                0x08001b44                aAPBAHBPrescTable
                0x08001b54                aPLLMULFactorTable
                0x08001b64                aPredivFactorTable
 *(.rodata*)
 .rodata.str1.4
                0x08001b74        0x4 /homes/14jhansen/Ac6/SystemWorkbench/plugins/fr.ac6.mcu.externaltools.arm-none.linux64_1.7.0.201602291252/tools/compiler/bin/../lib/gcc/arm-none-eabi/5.2.1/../../../../arm-none-eabi/lib/armv7e-m/libc.a(lib_a-impure.o)
                                  0x2 (size before relaxing)
 .rodata._global_impure_ptr
                0x08001b78        0x4 /homes/14jhansen/Ac6/SystemWorkbench/plugins/fr.ac6.mcu.externaltools.arm-none.linux64_1.7.0.201602291252/tools/compiler/bin/../lib/gcc/arm-none-eabi/5.2.1/../../../../arm-none-eabi/lib/armv7e-m/libc.a(lib_a-impure.o)
                0x08001b78                _global_impure_ptr
                0x08001b7c                . = ALIGN (0x4)

.rel.dyn        0x08001b7c        0x0
 .rel.iplt      0x08001b7c        0x0 /homes/14jhansen/Ac6/SystemWorkbench/plugins/fr.ac6.mcu.externaltools.arm-none.linux64_1.7.0.201602291252/tools/compiler/bin/../lib/gcc/arm-none-eabi/5.2.1/armv7e-m/crtbegin.o

.ARM.extab
 *(.ARM.extab* .gnu.linkonce.armextab.*)

.ARM            0x08001b7c        0x0
                0x08001b7c                __exidx_start = .
 *(.ARM.exidx*)
                0x08001b7c                __exidx_end = .

.preinit_array  0x08001b7c        0x0
                0x08001b7c                PROVIDE (__preinit_array_start, .)
 *(.preinit_array*)
                0x08001b7c                PROVIDE (__preinit_array_end, .)

.init_array     0x08001b7c        0x8
                0x08001b7c                PROVIDE (__init_array_start, .)
 *(SORT(.init_array.*))
 .init_array.00000
                0x08001b7c        0x4 /homes/14jhansen/Ac6/SystemWorkbench/plugins/fr.ac6.mcu.externaltools.arm-none.linux64_1.7.0.201602291252/tools/compiler/bin/../lib/gcc/arm-none-eabi/5.2.1/../../../../arm-none-eabi/lib/armv7e-m/libc.a(lib_a-__call_atexit.o)
 *(.init_array*)
 .init_array    0x08001b80        0x4 /homes/14jhansen/Ac6/SystemWorkbench/plugins/fr.ac6.mcu.externaltools.arm-none.linux64_1.7.0.201602291252/tools/compiler/bin/../lib/gcc/arm-none-eabi/5.2.1/armv7e-m/crtbegin.o
                0x08001b84                PROVIDE (__init_array_end, .)

.fini_array     0x08001b84        0x4
                0x08001b84                PROVIDE (__fini_array_start, .)
 *(SORT(.fini_array.*))
 *(.fini_array*)
 .fini_array    0x08001b84        0x4 /homes/14jhansen/Ac6/SystemWorkbench/plugins/fr.ac6.mcu.externaltools.arm-none.linux64_1.7.0.201602291252/tools/compiler/bin/../lib/gcc/arm-none-eabi/5.2.1/armv7e-m/crtbegin.o
                0x08001b88                PROVIDE (__fini_array_end, .)
                0x08001b88                _sidata = LOADADDR (.data)

.data           0x20000000      0x4a8 load address 0x08001b88
                0x20000000                . = ALIGN (0x4)
                0x20000000                _sdata = .
 *(.data)
 .data          0x20000000       0x78 src/main.o
 .data          0x20000078        0x4 src/system_stm32f3xx.o
                0x20000078                SystemCoreClock
 *(.data*)
 *fill*         0x2000007c        0x4 
 .data.impure_data
                0x20000080      0x428 /homes/14jhansen/Ac6/SystemWorkbench/plugins/fr.ac6.mcu.externaltools.arm-none.linux64_1.7.0.201602291252/tools/compiler/bin/../lib/gcc/arm-none-eabi/5.2.1/../../../../arm-none-eabi/lib/armv7e-m/libc.a(lib_a-impure.o)
                0x200004a8                . = ALIGN (0x4)
                0x200004a8                _edata = .
                0x08002030                _siccmram = LOADADDR (.ccmram)

.jcr            0x200004a8        0x0 load address 0x08002030
 .jcr           0x200004a8        0x0 /homes/14jhansen/Ac6/SystemWorkbench/plugins/fr.ac6.mcu.externaltools.arm-none.linux64_1.7.0.201602291252/tools/compiler/bin/../lib/gcc/arm-none-eabi/5.2.1/armv7e-m/crtbegin.o

.tm_clone_table
                0x200004a8        0x0 load address 0x08002030
 .tm_clone_table
                0x200004a8        0x0 /homes/14jhansen/Ac6/SystemWorkbench/plugins/fr.ac6.mcu.externaltools.arm-none.linux64_1.7.0.201602291252/tools/compiler/bin/../lib/gcc/arm-none-eabi/5.2.1/armv7e-m/crtbegin.o
 .tm_clone_table
                0x200004a8        0x0 /homes/14jhansen/Ac6/SystemWorkbench/plugins/fr.ac6.mcu.externaltools.arm-none.linux64_1.7.0.201602291252/tools/compiler/bin/../lib/gcc/arm-none-eabi/5.2.1/armv7e-m/crtend.o

.igot.plt       0x200004a8        0x0 load address 0x08002030
 .igot.plt      0x200004a8        0x0 /homes/14jhansen/Ac6/SystemWorkbench/plugins/fr.ac6.mcu.externaltools.arm-none.linux64_1.7.0.201602291252/tools/compiler/bin/../lib/gcc/arm-none-eabi/5.2.1/armv7e-m/crtbegin.o

.ccmram         0x10000000        0x0 load address 0x08002030
                0x10000000                . = ALIGN (0x4)
                0x10000000                _sccmram = .
 *(.ccmram)
 *(.ccmram*)
                0x10000000                . = ALIGN (0x4)
                0x10000000                _eccmram = .
                0x10000000                . = ALIGN (0x4)

.bss            0x200004a8       0x20
                0x200004a8                _sbss = .
                0x200004a8                __bss_start__ = _sbss
 *(.bss)
 .bss           0x200004a8       0x1c /homes/14jhansen/Ac6/SystemWorkbench/plugins/fr.ac6.mcu.externaltools.arm-none.linux64_1.7.0.201602291252/tools/compiler/bin/../lib/gcc/arm-none-eabi/5.2.1/armv7e-m/crtbegin.o
 .bss           0x200004c4        0x4 /homes/14jhansen/Ac6/SystemWorkbench/workspace/stm32f3discovery_hal_lib/Debug/libstm32f3discovery_hal_lib.a(stm32f3xx_hal.o)
 *(.bss*)
 *(COMMON)
                0x200004c8                . = ALIGN (0x4)
                0x200004c8                _ebss = .
                0x200004c8                __bss_end__ = _ebss

._user_heap_stack
                0x200004c8      0x600
                0x200004c8                . = ALIGN (0x8)
                0x200004c8                PROVIDE (end, .)
                [!provide]                PROVIDE (_end, .)
                0x200006c8                . = (. + _Min_Heap_Size)
 *fill*         0x200004c8      0x200 
                0x20000ac8                . = (. + _Min_Stack_Size)
 *fill*         0x200006c8      0x400 
                0x20000ac8                . = ALIGN (0x8)

/DISCARD/
 libc.a(*)
 libm.a(*)
 libgcc.a(*)

.ARM.attributes
                0x00000000       0x2a
 *(.ARM.attributes)
 .ARM.attributes
                0x00000000       0x1e /homes/14jhansen/Ac6/SystemWorkbench/plugins/fr.ac6.mcu.externaltools.arm-none.linux64_1.7.0.201602291252/tools/compiler/bin/../lib/gcc/arm-none-eabi/5.2.1/armv7e-m/crti.o
 .ARM.attributes
                0x0000001e       0x2e /homes/14jhansen/Ac6/SystemWorkbench/plugins/fr.ac6.mcu.externaltools.arm-none.linux64_1.7.0.201602291252/tools/compiler/bin/../lib/gcc/arm-none-eabi/5.2.1/armv7e-m/crtbegin.o
 .ARM.attributes
                0x0000004c       0x33 src/main.o
 .ARM.attributes
                0x0000007f       0x33 src/stm32f3xx_it.o
 .ARM.attributes
                0x000000b2       0x33 src/system_stm32f3xx.o
 .ARM.attributes
                0x000000e5       0x21 startup/startup_stm32f303xc.o
 .ARM.attributes
                0x00000106       0x33 /homes/14jhansen/Ac6/SystemWorkbench/workspace/stm32f3discovery_hal_lib/Debug/libstm32f3discovery_hal_lib.a(stm32f3xx_hal.o)
 .ARM.attributes
                0x00000139       0x33 /homes/14jhansen/Ac6/SystemWorkbench/workspace/stm32f3discovery_hal_lib/Debug/libstm32f3discovery_hal_lib.a(stm32f3xx_hal_cortex.o)
 .ARM.attributes
                0x0000016c       0x33 /homes/14jhansen/Ac6/SystemWorkbench/workspace/stm32f3discovery_hal_lib/Debug/libstm32f3discovery_hal_lib.a(stm32f3xx_hal_gpio.o)
 .ARM.attributes
                0x0000019f       0x33 /homes/14jhansen/Ac6/SystemWorkbench/workspace/stm32f3discovery_hal_lib/Debug/libstm32f3discovery_hal_lib.a(stm32f3xx_hal_rcc.o)
 .ARM.attributes
                0x000001d2       0x33 /homes/14jhansen/Ac6/SystemWorkbench/workspace/stm32f3discovery_hal_lib/Debug/libstm32f3discovery_hal_lib.a(stm32f3xx_hal_tim.o)
 .ARM.attributes
                0x00000205       0x33 /homes/14jhansen/Ac6/SystemWorkbench/workspace/stm32f3discovery_hal_lib/Debug/libstm32f3discovery_hal_lib.a(stm32f3xx_hal_tim_ex.o)
 .ARM.attributes
                0x00000238       0x2e /homes/14jhansen/Ac6/SystemWorkbench/plugins/fr.ac6.mcu.externaltools.arm-none.linux64_1.7.0.201602291252/tools/compiler/bin/../lib/gcc/arm-none-eabi/5.2.1/../../../../arm-none-eabi/lib/armv7e-m/libc.a(lib_a-impure.o)
 .ARM.attributes
                0x00000266       0x2e /homes/14jhansen/Ac6/SystemWorkbench/plugins/fr.ac6.mcu.externaltools.arm-none.linux64_1.7.0.201602291252/tools/compiler/bin/../lib/gcc/arm-none-eabi/5.2.1/../../../../arm-none-eabi/lib/armv7e-m/libc.a(lib_a-init.o)
 .ARM.attributes
                0x00000294       0x2e /homes/14jhansen/Ac6/SystemWorkbench/plugins/fr.ac6.mcu.externaltools.arm-none.linux64_1.7.0.201602291252/tools/compiler/bin/../lib/gcc/arm-none-eabi/5.2.1/../../../../arm-none-eabi/lib/armv7e-m/libc.a(lib_a-__call_atexit.o)
 .ARM.attributes
                0x000002c2       0x2e /homes/14jhansen/Ac6/SystemWorkbench/plugins/fr.ac6.mcu.externaltools.arm-none.linux64_1.7.0.201602291252/tools/compiler/bin/../lib/gcc/arm-none-eabi/5.2.1/../../../../arm-none-eabi/lib/armv7e-m/libc.a(lib_a-atexit.o)
 .ARM.attributes
                0x000002f0       0x2e /homes/14jhansen/Ac6/SystemWorkbench/plugins/fr.ac6.mcu.externaltools.arm-none.linux64_1.7.0.201602291252/tools/compiler/bin/../lib/gcc/arm-none-eabi/5.2.1/../../../../arm-none-eabi/lib/armv7e-m/libc.a(lib_a-fini.o)
 .ARM.attributes
                0x0000031e       0x2e /homes/14jhansen/Ac6/SystemWorkbench/plugins/fr.ac6.mcu.externaltools.arm-none.linux64_1.7.0.201602291252/tools/compiler/bin/../lib/gcc/arm-none-eabi/5.2.1/../../../../arm-none-eabi/lib/armv7e-m/libc.a(lib_a-__atexit.o)
 .ARM.attributes
                0x0000034c       0x2e /homes/14jhansen/Ac6/SystemWorkbench/plugins/fr.ac6.mcu.externaltools.arm-none.linux64_1.7.0.201602291252/tools/compiler/bin/../lib/gcc/arm-none-eabi/5.2.1/armv7e-m/crtend.o
 .ARM.attributes
                0x0000037a       0x1e /homes/14jhansen/Ac6/SystemWorkbench/plugins/fr.ac6.mcu.externaltools.arm-none.linux64_1.7.0.201602291252/tools/compiler/bin/../lib/gcc/arm-none-eabi/5.2.1/armv7e-m/crtn.o
OUTPUT(test.elf elf32-littlearm)

.debug_info     0x00000000     0x7700
 .debug_info    0x00000000      0xaae src/main.o
 .debug_info    0x00000aae       0xbd src/stm32f3xx_it.o
 .debug_info    0x00000b6b      0x3c0 src/system_stm32f3xx.o
 .debug_info    0x00000f2b       0x8c startup/startup_stm32f303xc.o
 .debug_info    0x00000fb7      0x652 /homes/14jhansen/Ac6/SystemWorkbench/workspace/stm32f3discovery_hal_lib/Debug/libstm32f3discovery_hal_lib.a(stm32f3xx_hal.o)
 .debug_info    0x00001609      0xcaf /homes/14jhansen/Ac6/SystemWorkbench/workspace/stm32f3discovery_hal_lib/Debug/libstm32f3discovery_hal_lib.a(stm32f3xx_hal_cortex.o)
 .debug_info    0x000022b8      0x667 /homes/14jhansen/Ac6/SystemWorkbench/workspace/stm32f3discovery_hal_lib/Debug/libstm32f3discovery_hal_lib.a(stm32f3xx_hal_gpio.o)
 .debug_info    0x0000291f     0x1afe /homes/14jhansen/Ac6/SystemWorkbench/workspace/stm32f3discovery_hal_lib/Debug/libstm32f3discovery_hal_lib.a(stm32f3xx_hal_rcc.o)
 .debug_info    0x0000441d     0x2122 /homes/14jhansen/Ac6/SystemWorkbench/workspace/stm32f3discovery_hal_lib/Debug/libstm32f3discovery_hal_lib.a(stm32f3xx_hal_tim.o)
 .debug_info    0x0000653f     0x11c1 /homes/14jhansen/Ac6/SystemWorkbench/workspace/stm32f3discovery_hal_lib/Debug/libstm32f3discovery_hal_lib.a(stm32f3xx_hal_tim_ex.o)

.debug_abbrev   0x00000000      0xf6a
 .debug_abbrev  0x00000000      0x1af src/main.o
 .debug_abbrev  0x000001af       0x6a src/stm32f3xx_it.o
 .debug_abbrev  0x00000219      0x104 src/system_stm32f3xx.o
 .debug_abbrev  0x0000031d       0x12 startup/startup_stm32f303xc.o
 .debug_abbrev  0x0000032f      0x188 /homes/14jhansen/Ac6/SystemWorkbench/workspace/stm32f3discovery_hal_lib/Debug/libstm32f3discovery_hal_lib.a(stm32f3xx_hal.o)
 .debug_abbrev  0x000004b7      0x298 /homes/14jhansen/Ac6/SystemWorkbench/workspace/stm32f3discovery_hal_lib/Debug/libstm32f3discovery_hal_lib.a(stm32f3xx_hal_cortex.o)
 .debug_abbrev  0x0000074f      0x1af /homes/14jhansen/Ac6/SystemWorkbench/workspace/stm32f3discovery_hal_lib/Debug/libstm32f3discovery_hal_lib.a(stm32f3xx_hal_gpio.o)
 .debug_abbrev  0x000008fe      0x25f /homes/14jhansen/Ac6/SystemWorkbench/workspace/stm32f3discovery_hal_lib/Debug/libstm32f3discovery_hal_lib.a(stm32f3xx_hal_rcc.o)
 .debug_abbrev  0x00000b5d      0x20b /homes/14jhansen/Ac6/SystemWorkbench/workspace/stm32f3discovery_hal_lib/Debug/libstm32f3discovery_hal_lib.a(stm32f3xx_hal_tim.o)
 .debug_abbrev  0x00000d68      0x202 /homes/14jhansen/Ac6/SystemWorkbench/workspace/stm32f3discovery_hal_lib/Debug/libstm32f3discovery_hal_lib.a(stm32f3xx_hal_tim_ex.o)

.debug_aranges  0x00000000      0x830
 .debug_aranges
                0x00000000       0x50 src/main.o
 .debug_aranges
                0x00000050       0x20 src/stm32f3xx_it.o
 .debug_aranges
                0x00000070       0x28 src/system_stm32f3xx.o
 .debug_aranges
                0x00000098       0x28 startup/startup_stm32f303xc.o
 .debug_aranges
                0x000000c0       0xb0 /homes/14jhansen/Ac6/SystemWorkbench/workspace/stm32f3discovery_hal_lib/Debug/libstm32f3discovery_hal_lib.a(stm32f3xx_hal.o)
 .debug_aranges
                0x00000170      0x108 /homes/14jhansen/Ac6/SystemWorkbench/workspace/stm32f3discovery_hal_lib/Debug/libstm32f3discovery_hal_lib.a(stm32f3xx_hal_cortex.o)
 .debug_aranges
                0x00000278       0x58 /homes/14jhansen/Ac6/SystemWorkbench/workspace/stm32f3discovery_hal_lib/Debug/libstm32f3discovery_hal_lib.a(stm32f3xx_hal_gpio.o)
 .debug_aranges
                0x000002d0       0x88 /homes/14jhansen/Ac6/SystemWorkbench/workspace/stm32f3discovery_hal_lib/Debug/libstm32f3discovery_hal_lib.a(stm32f3xx_hal_rcc.o)
 .debug_aranges
                0x00000358      0x368 /homes/14jhansen/Ac6/SystemWorkbench/workspace/stm32f3discovery_hal_lib/Debug/libstm32f3discovery_hal_lib.a(stm32f3xx_hal_tim.o)
 .debug_aranges
                0x000006c0      0x170 /homes/14jhansen/Ac6/SystemWorkbench/workspace/stm32f3discovery_hal_lib/Debug/libstm32f3discovery_hal_lib.a(stm32f3xx_hal_tim_ex.o)

.debug_ranges   0x00000000      0x798
 .debug_ranges  0x00000000       0x40 src/main.o
 .debug_ranges  0x00000040       0x10 src/stm32f3xx_it.o
 .debug_ranges  0x00000050       0x18 src/system_stm32f3xx.o
 .debug_ranges  0x00000068       0x20 startup/startup_stm32f303xc.o
 .debug_ranges  0x00000088       0xa0 /homes/14jhansen/Ac6/SystemWorkbench/workspace/stm32f3discovery_hal_lib/Debug/libstm32f3discovery_hal_lib.a(stm32f3xx_hal.o)
 .debug_ranges  0x00000128       0xf8 /homes/14jhansen/Ac6/SystemWorkbench/workspace/stm32f3discovery_hal_lib/Debug/libstm32f3discovery_hal_lib.a(stm32f3xx_hal_cortex.o)
 .debug_ranges  0x00000220       0x48 /homes/14jhansen/Ac6/SystemWorkbench/workspace/stm32f3discovery_hal_lib/Debug/libstm32f3discovery_hal_lib.a(stm32f3xx_hal_gpio.o)
 .debug_ranges  0x00000268       0x78 /homes/14jhansen/Ac6/SystemWorkbench/workspace/stm32f3discovery_hal_lib/Debug/libstm32f3discovery_hal_lib.a(stm32f3xx_hal_rcc.o)
 .debug_ranges  0x000002e0      0x358 /homes/14jhansen/Ac6/SystemWorkbench/workspace/stm32f3discovery_hal_lib/Debug/libstm32f3discovery_hal_lib.a(stm32f3xx_hal_tim.o)
 .debug_ranges  0x00000638      0x160 /homes/14jhansen/Ac6/SystemWorkbench/workspace/stm32f3discovery_hal_lib/Debug/libstm32f3discovery_hal_lib.a(stm32f3xx_hal_tim_ex.o)

.debug_macro    0x00000000    0x177d6
 .debug_macro   0x00000000      0x435 src/main.o
 .debug_macro   0x00000435      0x8a4 src/main.o
 .debug_macro   0x00000cd9       0x2a src/main.o
 .debug_macro   0x00000d03       0x28 src/main.o
 .debug_macro   0x00000d2b       0x3b src/main.o
 .debug_macro   0x00000d66       0x22 src/main.o
 .debug_macro   0x00000d88       0x44 src/main.o
 .debug_macro   0x00000dcc       0xfd src/main.o
 .debug_macro   0x00000ec9       0x22 src/main.o
 .debug_macro   0x00000eeb      0x1df src/main.o
 .debug_macro   0x000010ca       0x34 src/main.o
 .debug_macro   0x000010fe       0x26 src/main.o
 .debug_macro   0x00001124      0xe43 src/main.o
 .debug_macro   0x00001f67     0x8367 src/main.o
 .debug_macro   0x0000a2ce       0x43 src/main.o
 .debug_macro   0x0000a311      0x11b src/main.o
 .debug_macro   0x0000a42c     0x3203 src/main.o
 .debug_macro   0x0000d62f       0x58 src/main.o
 .debug_macro   0x0000d687       0x35 src/main.o
 .debug_macro   0x0000d6bc       0x9c src/main.o
 .debug_macro   0x0000d758       0x16 src/main.o
 .debug_macro   0x0000d76e       0x97 src/main.o
 .debug_macro   0x0000d805      0x329 src/main.o
 .debug_macro   0x0000db2e       0xfd src/main.o
 .debug_macro   0x0000dc2b       0x10 src/main.o
 .debug_macro   0x0000dc3b       0x52 src/main.o
 .debug_macro   0x0000dc8d       0x16 src/main.o
 .debug_macro   0x0000dca3       0x43 src/main.o
 .debug_macro   0x0000dce6      0x187 src/main.o
 .debug_macro   0x0000de6d       0x10 src/main.o
 .debug_macro   0x0000de7d       0x22 src/main.o
 .debug_macro   0x0000de9f       0x3a src/main.o
 .debug_macro   0x0000ded9       0x10 src/main.o
 .debug_macro   0x0000dee9       0x40 src/main.o
 .debug_macro   0x0000df29       0x65 src/main.o
 .debug_macro   0x0000df8e       0x16 src/main.o
 .debug_macro   0x0000dfa4      0x197 src/main.o
 .debug_macro   0x0000e13b       0x50 src/main.o
 .debug_macro   0x0000e18b      0x971 src/main.o
 .debug_macro   0x0000eafc      0x5fe src/main.o
 .debug_macro   0x0000f0fa      0x13a src/main.o
 .debug_macro   0x0000f234      0x1fb src/main.o
 .debug_macro   0x0000f42f      0x1a7 src/main.o
 .debug_macro   0x0000f5d6       0x2a src/main.o
 .debug_macro   0x0000f600       0x3c src/main.o
 .debug_macro   0x0000f63c      0x23a src/main.o
 .debug_macro   0x0000f876      0xa52 src/main.o
 .debug_macro   0x000102c8       0x77 src/main.o
 .debug_macro   0x0001033f      0x36e src/main.o
 .debug_macro   0x000106ad       0x65 src/main.o
 .debug_macro   0x00010712      0x586 src/main.o
 .debug_macro   0x00010c98       0x12 src/main.o
 .debug_macro   0x00010caa       0xc7 src/main.o
 .debug_macro   0x00010d71       0x4d src/main.o
 .debug_macro   0x00010dbe       0x12 src/main.o
 .debug_macro   0x00010dd0      0x189 src/main.o
 .debug_macro   0x00010f59       0x62 src/main.o
 .debug_macro   0x00010fbb       0xcb src/main.o
 .debug_macro   0x00011086      0x22b src/main.o
 .debug_macro   0x000112b1      0x1c9 src/main.o
 .debug_macro   0x0001147a       0x4f src/main.o
 .debug_macro   0x000114c9       0x66 src/main.o
 .debug_macro   0x0001152f      0x1ca src/main.o
 .debug_macro   0x000116f9       0x41 src/main.o
 .debug_macro   0x0001173a      0x256 src/main.o
 .debug_macro   0x00011990       0x2a src/main.o
 .debug_macro   0x000119ba       0xab src/main.o
 .debug_macro   0x00011a65      0x17d src/main.o
 .debug_macro   0x00011be2       0x28 src/main.o
 .debug_macro   0x00011c0a      0x265 src/main.o
 .debug_macro   0x00011e6f       0xd6 src/main.o
 .debug_macro   0x00011f45       0xd4 src/main.o
 .debug_macro   0x00012019      0x30c src/main.o
 .debug_macro   0x00012325      0x3e3 src/main.o
 .debug_macro   0x00012708       0xeb src/main.o
 .debug_macro   0x000127f3      0x38a src/main.o
 .debug_macro   0x00012b7d       0x11 src/main.o
 .debug_macro   0x00012b8e      0x32c src/main.o
 .debug_macro   0x00012eba      0x2e2 src/main.o
 .debug_macro   0x0001319c      0x685 src/main.o
 .debug_macro   0x00013821      0x37c src/main.o
 .debug_macro   0x00013b9d      0x46a src/main.o
 .debug_macro   0x00014007      0x558 src/main.o
 .debug_macro   0x0001455f       0x2b src/main.o
 .debug_macro   0x0001458a      0x24f src/main.o
 .debug_macro   0x000147d9       0x2b src/main.o
 .debug_macro   0x00014804       0x8d src/main.o
 .debug_macro   0x00014891      0x26e src/main.o
 .debug_macro   0x00014aff      0x29e src/main.o
 .debug_macro   0x00014d9d      0x42c src/stm32f3xx_it.o
 .debug_macro   0x000151c9      0x428 src/system_stm32f3xx.o
 .debug_macro   0x000155f1      0x446 /homes/14jhansen/Ac6/SystemWorkbench/workspace/stm32f3discovery_hal_lib/Debug/libstm32f3discovery_hal_lib.a(stm32f3xx_hal.o)
 .debug_macro   0x00015a37      0x89e /homes/14jhansen/Ac6/SystemWorkbench/workspace/stm32f3discovery_hal_lib/Debug/libstm32f3discovery_hal_lib.a(stm32f3xx_hal.o)
 .debug_macro   0x000162d5      0x422 /homes/14jhansen/Ac6/SystemWorkbench/workspace/stm32f3discovery_hal_lib/Debug/libstm32f3discovery_hal_lib.a(stm32f3xx_hal_cortex.o)
 .debug_macro   0x000166f7      0x45a /homes/14jhansen/Ac6/SystemWorkbench/workspace/stm32f3discovery_hal_lib/Debug/libstm32f3discovery_hal_lib.a(stm32f3xx_hal_gpio.o)
 .debug_macro   0x00016b51      0x434 /homes/14jhansen/Ac6/SystemWorkbench/workspace/stm32f3discovery_hal_lib/Debug/libstm32f3discovery_hal_lib.a(stm32f3xx_hal_rcc.o)
 .debug_macro   0x00016f85      0x423 /homes/14jhansen/Ac6/SystemWorkbench/workspace/stm32f3discovery_hal_lib/Debug/libstm32f3discovery_hal_lib.a(stm32f3xx_hal_tim.o)
 .debug_macro   0x000173a8      0x42e /homes/14jhansen/Ac6/SystemWorkbench/workspace/stm32f3discovery_hal_lib/Debug/libstm32f3discovery_hal_lib.a(stm32f3xx_hal_tim_ex.o)

.debug_line     0x00000000     0x90c7
 .debug_line    0x00000000      0xc40 src/main.o
 .debug_line    0x00000c40      0xb32 src/stm32f3xx_it.o
 .debug_line    0x00001772      0xb11 src/system_stm32f3xx.o
 .debug_line    0x00002283       0x7f startup/startup_stm32f303xc.o
 .debug_line    0x00002302      0xc3f /homes/14jhansen/Ac6/SystemWorkbench/workspace/stm32f3discovery_hal_lib/Debug/libstm32f3discovery_hal_lib.a(stm32f3xx_hal.o)
 .debug_line    0x00002f41      0xdbb /homes/14jhansen/Ac6/SystemWorkbench/workspace/stm32f3discovery_hal_lib/Debug/libstm32f3discovery_hal_lib.a(stm32f3xx_hal_cortex.o)
 .debug_line    0x00003cfc      0xc6e /homes/14jhansen/Ac6/SystemWorkbench/workspace/stm32f3discovery_hal_lib/Debug/libstm32f3discovery_hal_lib.a(stm32f3xx_hal_gpio.o)
 .debug_line    0x0000496a     0x1821 /homes/14jhansen/Ac6/SystemWorkbench/workspace/stm32f3discovery_hal_lib/Debug/libstm32f3discovery_hal_lib.a(stm32f3xx_hal_rcc.o)
 .debug_line    0x0000618b     0x1d48 /homes/14jhansen/Ac6/SystemWorkbench/workspace/stm32f3discovery_hal_lib/Debug/libstm32f3discovery_hal_lib.a(stm32f3xx_hal_tim.o)
 .debug_line    0x00007ed3     0x11f4 /homes/14jhansen/Ac6/SystemWorkbench/workspace/stm32f3discovery_hal_lib/Debug/libstm32f3discovery_hal_lib.a(stm32f3xx_hal_tim_ex.o)

.debug_str      0x00000000    0xa2626
 .debug_str     0x00000000    0xa06b5 src/main.o
                              0xa0b32 (size before relaxing)
 .debug_str     0x000a06b5       0x26 src/stm32f3xx_it.o
                              0x9ef30 (size before relaxing)
 .debug_str     0x000a06db       0xdc src/system_stm32f3xx.o
                              0x9f05b (size before relaxing)
 .debug_str     0x000a07b7      0x325 /homes/14jhansen/Ac6/SystemWorkbench/workspace/stm32f3discovery_hal_lib/Debug/libstm32f3discovery_hal_lib.a(stm32f3xx_hal.o)
                              0x9f72b (size before relaxing)
 .debug_str     0x000a0adc      0x385 /homes/14jhansen/Ac6/SystemWorkbench/workspace/stm32f3discovery_hal_lib/Debug/libstm32f3discovery_hal_lib.a(stm32f3xx_hal_cortex.o)
                              0x9f876 (size before relaxing)
 .debug_str     0x000a0e61      0x270 /homes/14jhansen/Ac6/SystemWorkbench/workspace/stm32f3discovery_hal_lib/Debug/libstm32f3discovery_hal_lib.a(stm32f3xx_hal_gpio.o)
                              0x9f2be (size before relaxing)
 .debug_str     0x000a10d1      0x338 /homes/14jhansen/Ac6/SystemWorkbench/workspace/stm32f3discovery_hal_lib/Debug/libstm32f3discovery_hal_lib.a(stm32f3xx_hal_rcc.o)
                              0x9f3d4 (size before relaxing)
 .debug_str     0x000a1409      0xc49 /homes/14jhansen/Ac6/SystemWorkbench/workspace/stm32f3discovery_hal_lib/Debug/libstm32f3discovery_hal_lib.a(stm32f3xx_hal_tim.o)
                              0xa0047 (size before relaxing)
 .debug_str     0x000a2052      0x5d4 /homes/14jhansen/Ac6/SystemWorkbench/workspace/stm32f3discovery_hal_lib/Debug/libstm32f3discovery_hal_lib.a(stm32f3xx_hal_tim_ex.o)
                              0x9faa7 (size before relaxing)

.comment        0x00000000       0x6e
 .comment       0x00000000       0x6e src/main.o
                                 0x6f (size before relaxing)
 .comment       0x0000006e       0x6f src/stm32f3xx_it.o
 .comment       0x0000006e       0x6f src/system_stm32f3xx.o
 .comment       0x0000006e       0x6f /homes/14jhansen/Ac6/SystemWorkbench/workspace/stm32f3discovery_hal_lib/Debug/libstm32f3discovery_hal_lib.a(stm32f3xx_hal.o)
 .comment       0x0000006e       0x6f /homes/14jhansen/Ac6/SystemWorkbench/workspace/stm32f3discovery_hal_lib/Debug/libstm32f3discovery_hal_lib.a(stm32f3xx_hal_cortex.o)
 .comment       0x0000006e       0x6f /homes/14jhansen/Ac6/SystemWorkbench/workspace/stm32f3discovery_hal_lib/Debug/libstm32f3discovery_hal_lib.a(stm32f3xx_hal_gpio.o)
 .comment       0x0000006e       0x6f /homes/14jhansen/Ac6/SystemWorkbench/workspace/stm32f3discovery_hal_lib/Debug/libstm32f3discovery_hal_lib.a(stm32f3xx_hal_rcc.o)
 .comment       0x0000006e       0x6f /homes/14jhansen/Ac6/SystemWorkbench/workspace/stm32f3discovery_hal_lib/Debug/libstm32f3discovery_hal_lib.a(stm32f3xx_hal_tim.o)
 .comment       0x0000006e       0x6f /homes/14jhansen/Ac6/SystemWorkbench/workspace/stm32f3discovery_hal_lib/Debug/libstm32f3discovery_hal_lib.a(stm32f3xx_hal_tim_ex.o)

.debug_frame    0x00000000     0x22b8
 .debug_frame   0x00000000       0xfc src/main.o
 .debug_frame   0x000000fc       0x2c src/stm32f3xx_it.o
 .debug_frame   0x00000128       0x58 src/system_stm32f3xx.o
 .debug_frame   0x00000180      0x270 /homes/14jhansen/Ac6/SystemWorkbench/workspace/stm32f3discovery_hal_lib/Debug/libstm32f3discovery_hal_lib.a(stm32f3xx_hal.o)
 .debug_frame   0x000003f0      0x450 /homes/14jhansen/Ac6/SystemWorkbench/workspace/stm32f3discovery_hal_lib/Debug/libstm32f3discovery_hal_lib.a(stm32f3xx_hal_cortex.o)
 .debug_frame   0x00000840      0x14c /homes/14jhansen/Ac6/SystemWorkbench/workspace/stm32f3discovery_hal_lib/Debug/libstm32f3discovery_hal_lib.a(stm32f3xx_hal_gpio.o)
 .debug_frame   0x0000098c      0x214 /homes/14jhansen/Ac6/SystemWorkbench/workspace/stm32f3discovery_hal_lib/Debug/libstm32f3discovery_hal_lib.a(stm32f3xx_hal_rcc.o)
 .debug_frame   0x00000ba0      0xfb4 /homes/14jhansen/Ac6/SystemWorkbench/workspace/stm32f3discovery_hal_lib/Debug/libstm32f3discovery_hal_lib.a(stm32f3xx_hal_tim.o)
 .debug_frame   0x00001b54      0x660 /homes/14jhansen/Ac6/SystemWorkbench/workspace/stm32f3discovery_hal_lib/Debug/libstm32f3discovery_hal_lib.a(stm32f3xx_hal_tim_ex.o)
 .debug_frame   0x000021b4       0x2c /homes/14jhansen/Ac6/SystemWorkbench/plugins/fr.ac6.mcu.externaltools.arm-none.linux64_1.7.0.201602291252/tools/compiler/bin/../lib/gcc/arm-none-eabi/5.2.1/../../../../arm-none-eabi/lib/armv7e-m/libc.a(lib_a-init.o)
 .debug_frame   0x000021e0       0x50 /homes/14jhansen/Ac6/SystemWorkbench/plugins/fr.ac6.mcu.externaltools.arm-none.linux64_1.7.0.201602291252/tools/compiler/bin/../lib/gcc/arm-none-eabi/5.2.1/../../../../arm-none-eabi/lib/armv7e-m/libc.a(lib_a-__call_atexit.o)
 .debug_frame   0x00002230       0x20 /homes/14jhansen/Ac6/SystemWorkbench/plugins/fr.ac6.mcu.externaltools.arm-none.linux64_1.7.0.201602291252/tools/compiler/bin/../lib/gcc/arm-none-eabi/5.2.1/../../../../arm-none-eabi/lib/armv7e-m/libc.a(lib_a-atexit.o)
 .debug_frame   0x00002250       0x34 /homes/14jhansen/Ac6/SystemWorkbench/plugins/fr.ac6.mcu.externaltools.arm-none.linux64_1.7.0.201602291252/tools/compiler/bin/../lib/gcc/arm-none-eabi/5.2.1/../../../../arm-none-eabi/lib/armv7e-m/libc.a(lib_a-fini.o)
 .debug_frame   0x00002284       0x34 /homes/14jhansen/Ac6/SystemWorkbench/plugins/fr.ac6.mcu.externaltools.arm-none.linux64_1.7.0.201602291252/tools/compiler/bin/../lib/gcc/arm-none-eabi/5.2.1/../../../../arm-none-eabi/lib/armv7e-m/libc.a(lib_a-__atexit.o)
